[dotenv@17.2.3] injecting env (19) from .env -- tip: ≡ƒ¢á∩╕Å  run anywhere with `dotenvx run -- yourcommand`
Executing (default): SELECT 1+1 AS result
MySQL Connected: 206.189.133.69:3306
Database ready
Testing Daily Report...
Executing (default): SELECT `id`, `saleNumber`, `items`, `subtotal`, `vatAmount`, `vatRate`, `totalAmount`, `paymentMethod`, `amountPaid`, `changeGiven`, `cashierId`, `cashierName`, `saleDate`, `offlineId`, `syncedAt`, `isSynced`, `status`, `notes`, `tableId`, `tableNumber`, `orderType`, `isSplit`, `splitCompletedAt`, `kitchenStationId`, `cancellationReason`, `cancellationNote`, `completionReason`, `statusUpdatedBy`, `statusUpdatedAt`, `createdAt`, `updatedAt` FROM `sales` AS `Sale` WHERE `Sale`.`saleDate` BETWEEN '2026-02-07 18:30:00' AND '2026-02-08 18:29:59' AND `Sale`.`status` NOT IN ('voided');
Testing Monthly Report...
Executing (default): SELECT `id`, `saleNumber`, `items`, `subtotal`, `vatAmount`, `vatRate`, `totalAmount`, `paymentMethod`, `amountPaid`, `changeGiven`, `cashierId`, `cashierName`, `saleDate`, `offlineId`, `syncedAt`, `isSynced`, `status`, `notes`, `tableId`, `tableNumber`, `orderType`, `isSplit`, `splitCompletedAt`, `kitchenStationId`, `cancellationReason`, `cancellationNote`, `completionReason`, `statusUpdatedBy`, `statusUpdatedAt`, `createdAt`, `updatedAt` FROM `sales` AS `Sale` WHERE `Sale`.`saleDate` BETWEEN '2026-01-31 18:30:00' AND '2026-02-28 18:29:59' AND `Sale`.`status` NOT IN ('voided');
Executing (default): SELECT `id`, `description`, `amount`, `date`, `category`, `paymentMethod`, `recordedBy`, `supplierName`, `receiptUrl`, `notes`, `createdAt`, `updatedAt` FROM `expenses` AS `Expense` WHERE `Expense`.`date` BETWEEN '2026-01-31 18:30:00' AND '2026-02-28 18:29:59';
Testing Profit Summary...
Executing (default): SELECT `id`, `saleNumber`, `items`, `subtotal`, `vatAmount`, `vatRate`, `totalAmount`, `paymentMethod`, `amountPaid`, `changeGiven`, `cashierId`, `cashierName`, `saleDate`, `offlineId`, `syncedAt`, `isSynced`, `status`, `notes`, `tableId`, `tableNumber`, `orderType`, `isSplit`, `splitCompletedAt`, `kitchenStationId`, `cancellationReason`, `cancellationNote`, `completionReason`, `statusUpdatedBy`, `statusUpdatedAt`, `createdAt`, `updatedAt` FROM `sales` AS `Sale` WHERE `Sale`.`saleDate` BETWEEN '2026-02-01 00:00:00' AND '2026-02-08 00:00:00' AND `Sale`.`status` NOT IN ('voided');
Executing (default): SELECT `id`, `description`, `amount`, `date`, `category`, `paymentMethod`, `recordedBy`, `supplierName`, `receiptUrl`, `notes`, `createdAt`, `updatedAt` FROM `expenses` AS `Expense` WHERE `Expense`.`date` BETWEEN '2026-02-01 00:00:00' AND '2026-02-08 00:00:00';
Testing Owner Dashboard...
Executing (default): SELECT `id`, `saleNumber`, `items`, `subtotal`, `vatAmount`, `vatRate`, `totalAmount`, `paymentMethod`, `amountPaid`, `changeGiven`, `cashierId`, `cashierName`, `saleDate`, `offlineId`, `syncedAt`, `isSynced`, `status`, `notes`, `tableId`, `tableNumber`, `orderType`, `isSplit`, `splitCompletedAt`, `kitchenStationId`, `cancellationReason`, `cancellationNote`, `completionReason`, `statusUpdatedBy`, `statusUpdatedAt`, `createdAt`, `updatedAt` FROM `sales` AS `Sale` WHERE `Sale`.`saleDate` BETWEEN '2026-02-07 18:30:00' AND '2026-02-08 18:29:59' AND `Sale`.`status` NOT IN ('voided');
Executing (default): SELECT `id`, `saleNumber`, `items`, `subtotal`, `vatAmount`, `vatRate`, `totalAmount`, `paymentMethod`, `amountPaid`, `changeGiven`, `cashierId`, `cashierName`, `saleDate`, `offlineId`, `syncedAt`, `isSynced`, `status`, `notes`, `tableId`, `tableNumber`, `orderType`, `isSplit`, `splitCompletedAt`, `kitchenStationId`, `cancellationReason`, `cancellationNote`, `completionReason`, `statusUpdatedBy`, `statusUpdatedAt`, `createdAt`, `updatedAt` FROM `sales` AS `Sale` WHERE `Sale`.`saleDate` BETWEEN '2026-01-31 18:30:00' AND '2026-02-28 18:29:59' AND `Sale`.`status` NOT IN ('voided');
Executing (default): SELECT `id`, `description`, `amount`, `date`, `category`, `paymentMethod`, `recordedBy`, `supplierName`, `receiptUrl`, `notes`, `createdAt`, `updatedAt` FROM `expenses` AS `Expense` WHERE `Expense`.`date` BETWEEN '2026-01-31 18:30:00' AND '2026-02-28 18:29:59';
Executing (default): SELECT `id`, `saleNumber`, `items`, `subtotal`, `vatAmount`, `vatRate`, `totalAmount`, `paymentMethod`, `amountPaid`, `changeGiven`, `cashierId`, `cashierName`, `saleDate`, `offlineId`, `syncedAt`, `isSynced`, `status`, `notes`, `tableId`, `tableNumber`, `orderType`, `isSplit`, `splitCompletedAt`, `kitchenStationId`, `cancellationReason`, `cancellationNote`, `completionReason`, `statusUpdatedBy`, `statusUpdatedAt`, `createdAt`, `updatedAt` FROM `sales` AS `Sale` WHERE `Sale`.`status` NOT IN ('voided');
Executing (default): SELECT `StockAlert`.`id`, `StockAlert`.`ingredientId`, `StockAlert`.`alertType`, `StockAlert`.`currentStock`, `StockAlert`.`reorderLevel`, `StockAlert`.`severity`, `StockAlert`.`message`, `StockAlert`.`isAcknowledged`, `StockAlert`.`acknowledgedBy`, `StockAlert`.`acknowledgedAt`, `StockAlert`.`isResolved`, `StockAlert`.`resolvedBy`, `StockAlert`.`resolvedAt`, `StockAlert`.`notes`, `StockAlert`.`createdAt`, `StockAlert`.`updatedAt`, `ingredient`.`id` AS `ingredient.id`, `ingredient`.`name` AS `ingredient.name`, `ingredient`.`description` AS `ingredient.description`, `ingredient`.`unit` AS `ingredient.unit`, `ingredient`.`currentStock` AS `ingredient.currentStock`, `ingredient`.`reorderLevel` AS `ingredient.reorderLevel`, `ingredient`.`reorderQuantity` AS `ingredient.reorderQuantity`, `ingredient`.`unitCost` AS `ingredient.unitCost`, `ingredient`.`supplier` AS `ingredient.supplier`, `ingredient`.`category` AS `ingredient.category`, `ingredient`.`category_id` AS `ingredient.categoryId`, `ingredient`.`kitchen_station_id` AS `ingredient.kitchenStationId`, `ingredient`.`storageLocation` AS `ingredient.storageLocation`, `ingredient`.`expiryDate` AS `ingredient.expiryDate`, `ingredient`.`isActive` AS `ingredient.isActive`, `ingredient`.`createdAt` AS `ingredient.createdAt`, `ingredient`.`updatedAt` AS `ingredient.updatedAt` FROM `stock_alerts` AS `StockAlert` LEFT OUTER JOIN `ingredients` AS `ingredient` ON `StockAlert`.`ingredientId` = `ingredient`.`id` WHERE `StockAlert`.`status` = 'open' ORDER BY `StockAlert`.`createdAt` DESC LIMIT 5;
node : Error in getOwnerDashboardStats: Error
At line:1 char:1
+ node test-reports.js > test-output.txt 2>&1
+ ~~~~~~~~~~~~~~~~~~~~~~~~~~~~~~~~~~~~~~~~~~~
    + CategoryInfo          : NotSpecified: (Error in getOwnerD 
   ashboardStats: Error:String) [], RemoteException
    + FullyQualifiedErrorId : NativeCommandError
 
    at Query.run (D:\Company\Company Projects\Pos_system\Rest-PO
S-Backend\node_modules\sequelize\lib\dialects\mysql\query.js:52:
25)
    at D:\Company\Company Projects\Pos_system\Rest-POS-Backend\n
ode_modules\sequelize\lib\sequelize.js:315:28
    at process.processTicksAndRejections 
(node:internal/process/task_queues:105:5)
    at async MySQLQueryInterface.select (D:\Company\Company Proj
ects\Pos_system\Rest-POS-Backend\node_modules\sequelize\lib\dial
ects\abstract\query-interface.js:407:12)
    at async StockAlert.findAll (D:\Company\Company Projects\Pos
_system\Rest-POS-Backend\node_modules\sequelize\lib\model.js:114
0:21)
    at async ReportService.getOwnerDashboardStats 
(D:\Company\Company Projects\Pos_system\Rest-POS-Backend\src\ser
vices\reportService.js:200:36)
    at async testReports (D:\Company\Company 
Projects\Pos_system\Rest-POS-Backend\test-reports.js:18:9) {
  name: 'SequelizeDatabaseError',
  parent: Error: Unknown column 'StockAlert.status' in 'where 
clause'
      at Packet.asError (D:\Company\Company Projects\Pos_system\
Rest-POS-Backend\node_modules\mysql2\lib\packets\packet.js:740:1
7)
      at Query.execute (D:\Company\Company Projects\Pos_system\R
est-POS-Backend\node_modules\mysql2\lib\commands\command.js:29:2
6)
      at Connection.handlePacket (D:\Company\Company Projects\Po
s_system\Rest-POS-Backend\node_modules\mysql2\lib\base\connectio
n.js:477:34)
      at PacketParser.onPacket (D:\Company\Company Projects\Pos_
system\Rest-POS-Backend\node_modules\mysql2\lib\base\connection.
js:93:12)
      at PacketParser.executeStart (D:\Company\Company Projects\
Pos_system\Rest-POS-Backend\node_modules\mysql2\lib\packet_parse
r.js:75:16)
      at Socket.<anonymous> (D:\Company\Company Projects\Pos_sys
tem\Rest-POS-Backend\node_modules\mysql2\lib\base\connection.js:
100:25)
      at Socket.emit (node:events:518:28)
      at addChunk (node:internal/streams/readable:561:12)
      at readableAddChunkPushByteMode 
(node:internal/streams/readable:512:3)
      at Readable.push (node:internal/streams/readable:392:5) {
    code: 'ER_BAD_FIELD_ERROR',
    errno: 1054,
    sqlState: '42S22',
    sqlMessage: "Unknown column 'StockAlert.status' in 'where 
clause'",
    sql: "SELECT `StockAlert`.`id`, 
`StockAlert`.`ingredientId`, `StockAlert`.`alertType`, 
`StockAlert`.`currentStock`, `StockAlert`.`reorderLevel`, 
`StockAlert`.`severity`, `StockAlert`.`message`, 
`StockAlert`.`isAcknowledged`, `StockAlert`.`acknowledgedBy`, 
`StockAlert`.`acknowledgedAt`, `StockAlert`.`isResolved`, 
`StockAlert`.`resolvedBy`, `StockAlert`.`resolvedAt`, 
`StockAlert`.`notes`, `StockAlert`.`createdAt`, 
`StockAlert`.`updatedAt`, `ingredient`.`id` AS `ingredient.id`, 
`ingredient`.`name` AS `ingredient.name`, 
`ingredient`.`description` AS `ingredient.description`, 
`ingredient`.`unit` AS `ingredient.unit`, 
`ingredient`.`currentStock` AS `ingredient.currentStock`, 
`ingredient`.`reorderLevel` AS `ingredient.reorderLevel`, 
`ingredient`.`reorderQuantity` AS `ingredient.reorderQuantity`, 
`ingredient`.`unitCost` AS `ingredient.unitCost`, 
`ingredient`.`supplier` AS `ingredient.supplier`, 
`ingredient`.`category` AS `ingredient.category`, 
`ingredient`.`category_id` AS `ingredient.categoryId`, 
`ingredient`.`kitchen_station_id` AS 
`ingredient.kitchenStationId`, `ingredient`.`storageLocation` 
AS `ingredient.storageLocation`, `ingredient`.`expiryDate` AS 
`ingredient.expiryDate`, `ingredient`.`isActive` AS 
`ingredient.isActive`, `ingredient`.`createdAt` AS 
`ingredient.createdAt`, `ingredient`.`updatedAt` AS 
`ingredient.updatedAt` FROM `stock_alerts` AS `StockAlert` LEFT 
OUTER JOIN `ingredients` AS `ingredient` ON 
`StockAlert`.`ingredientId` = `ingredient`.`id` WHERE 
`StockAlert`.`status` = 'open' ORDER BY 
`StockAlert`.`createdAt` DESC LIMIT 5;",
    parameters: undefined
  },
  original: Error: Unknown column 'StockAlert.status' in 'where 
clause'
      at Packet.asError (D:\Company\Company Projects\Pos_system\
Rest-POS-Backend\node_modules\mysql2\lib\packets\packet.js:740:1
7)
      at Query.execute (D:\Company\Company Projects\Pos_system\R
est-POS-Backend\node_modules\mysql2\lib\commands\command.js:29:2
6)
      at Connection.handlePacket (D:\Company\Company Projects\Po
s_system\Rest-POS-Backend\node_modules\mysql2\lib\base\connectio
n.js:477:34)
      at PacketParser.onPacket (D:\Company\Company Projects\Pos_
system\Rest-POS-Backend\node_modules\mysql2\lib\base\connection.
js:93:12)
      at PacketParser.executeStart (D:\Company\Company Projects\
Pos_system\Rest-POS-Backend\node_modules\mysql2\lib\packet_parse
r.js:75:16)
      at Socket.<anonymous> (D:\Company\Company Projects\Pos_sys
tem\Rest-POS-Backend\node_modules\mysql2\lib\base\connection.js:
100:25)
      at Socket.emit (node:events:518:28)
      at addChunk (node:internal/streams/readable:561:12)
      at readableAddChunkPushByteMode 
(node:internal/streams/readable:512:3)
      at Readable.push (node:internal/streams/readable:392:5) {
    code: 'ER_BAD_FIELD_ERROR',
    errno: 1054,
    sqlState: '42S22',
    sqlMessage: "Unknown column 'StockAlert.status' in 'where 
clause'",
    sql: "SELECT `StockAlert`.`id`, 
`StockAlert`.`ingredientId`, `StockAlert`.`alertType`, 
`StockAlert`.`currentStock`, `StockAlert`.`reorderLevel`, 
`StockAlert`.`severity`, `StockAlert`.`message`, 
`StockAlert`.`isAcknowledged`, `StockAlert`.`acknowledgedBy`, 
`StockAlert`.`acknowledgedAt`, `StockAlert`.`isResolved`, 
`StockAlert`.`resolvedBy`, `StockAlert`.`resolvedAt`, 
`StockAlert`.`notes`, `StockAlert`.`createdAt`, 
`StockAlert`.`updatedAt`, `ingredient`.`id` AS `ingredient.id`, 
`ingredient`.`name` AS `ingredient.name`, 
`ingredient`.`description` AS `ingredient.description`, 
`ingredient`.`unit` AS `ingredient.unit`, 
`ingredient`.`currentStock` AS `ingredient.currentStock`, 
`ingredient`.`reorderLevel` AS `ingredient.reorderLevel`, 
`ingredient`.`reorderQuantity` AS `ingredient.reorderQuantity`, 
`ingredient`.`unitCost` AS `ingredient.unitCost`, 
`ingredient`.`supplier` AS `ingredient.supplier`, 
`ingredient`.`category` AS `ingredient.category`, 
`ingredient`.`category_id` AS `ingredient.categoryId`, 
`ingredient`.`kitchen_station_id` AS 
`ingredient.kitchenStationId`, `ingredient`.`storageLocation` 
AS `ingredient.storageLocation`, `ingredient`.`expiryDate` AS 
`ingredient.expiryDate`, `ingredient`.`isActive` AS 
`ingredient.isActive`, `ingredient`.`createdAt` AS 
`ingredient.createdAt`, `ingredient`.`updatedAt` AS 
`ingredient.updatedAt` FROM `stock_alerts` AS `StockAlert` LEFT 
OUTER JOIN `ingredients` AS `ingredient` ON 
`StockAlert`.`ingredientId` = `ingredient`.`id` WHERE 
`StockAlert`.`status` = 'open' ORDER BY 
`StockAlert`.`createdAt` DESC LIMIT 5;",
    parameters: undefined
  },
  sql: "SELECT `StockAlert`.`id`, `StockAlert`.`ingredientId`, 
`StockAlert`.`alertType`, `StockAlert`.`currentStock`, 
`StockAlert`.`reorderLevel`, `StockAlert`.`severity`, 
`StockAlert`.`message`, `StockAlert`.`isAcknowledged`, 
`StockAlert`.`acknowledgedBy`, `StockAlert`.`acknowledgedAt`, 
`StockAlert`.`isResolved`, `StockAlert`.`resolvedBy`, 
`StockAlert`.`resolvedAt`, `StockAlert`.`notes`, 
`StockAlert`.`createdAt`, `StockAlert`.`updatedAt`, 
`ingredient`.`id` AS `ingredient.id`, `ingredient`.`name` AS 
`ingredient.name`, `ingredient`.`description` AS 
`ingredient.description`, `ingredient`.`unit` AS 
`ingredient.unit`, `ingredient`.`currentStock` AS 
`ingredient.currentStock`, `ingredient`.`reorderLevel` AS 
`ingredient.reorderLevel`, `ingredient`.`reorderQuantity` AS 
`ingredient.reorderQuantity`, `ingredient`.`unitCost` AS 
`ingredient.unitCost`, `ingredient`.`supplier` AS 
`ingredient.supplier`, `ingredient`.`category` AS 
`ingredient.category`, `ingredient`.`category_id` AS 
`ingredient.categoryId`, `ingredient`.`kitchen_station_id` AS 
`ingredient.kitchenStationId`, `ingredient`.`storageLocation` 
AS `ingredient.storageLocation`, `ingredient`.`expiryDate` AS 
`ingredient.expiryDate`, `ingredient`.`isActive` AS 
`ingredient.isActive`, `ingredient`.`createdAt` AS 
`ingredient.createdAt`, `ingredient`.`updatedAt` AS 
`ingredient.updatedAt` FROM `stock_alerts` AS `StockAlert` LEFT 
OUTER JOIN `ingredients` AS `ingredient` ON 
`StockAlert`.`ingredientId` = `ingredient`.`id` WHERE 
`StockAlert`.`status` = 'open' ORDER BY 
`StockAlert`.`createdAt` DESC LIMIT 5;",
  parameters: {}
}
Test failed: Unknown column 'StockAlert.status' in 'where 
clause'
SQL: SELECT `StockAlert`.`id`, `StockAlert`.`ingredientId`, 
`StockAlert`.`alertType`, `StockAlert`.`currentStock`, 
`StockAlert`.`reorderLevel`, `StockAlert`.`severity`, 
`StockAlert`.`message`, `StockAlert`.`isAcknowledged`, 
`StockAlert`.`acknowledgedBy`, `StockAlert`.`acknowledgedAt`, 
`StockAlert`.`isResolved`, `StockAlert`.`resolvedBy`, 
`StockAlert`.`resolvedAt`, `StockAlert`.`notes`, 
`StockAlert`.`createdAt`, `StockAlert`.`updatedAt`, 
`ingredient`.`id` AS `ingredient.id`, `ingredient`.`name` AS 
`ingredient.name`, `ingredient`.`description` AS 
`ingredient.description`, `ingredient`.`unit` AS 
`ingredient.unit`, `ingredient`.`currentStock` AS 
`ingredient.currentStock`, `ingredient`.`reorderLevel` AS 
`ingredient.reorderLevel`, `ingredient`.`reorderQuantity` AS 
`ingredient.reorderQuantity`, `ingredient`.`unitCost` AS 
`ingredient.unitCost`, `ingredient`.`supplier` AS 
`ingredient.supplier`, `ingredient`.`category` AS 
`ingredient.category`, `ingredient`.`category_id` AS 
`ingredient.categoryId`, `ingredient`.`kitchen_station_id` AS 
`ingredient.kitchenStationId`, `ingredient`.`storageLocation` 
AS `ingredient.storageLocation`, `ingredient`.`expiryDate` AS 
`ingredient.expiryDate`, `ingredient`.`isActive` AS 
`ingredient.isActive`, `ingredient`.`createdAt` AS 
`ingredient.createdAt`, `ingredient`.`updatedAt` AS 
`ingredient.updatedAt` FROM `stock_alerts` AS `StockAlert` LEFT 
OUTER JOIN `ingredients` AS `ingredient` ON 
`StockAlert`.`ingredientId` = `ingredient`.`id` WHERE 
`StockAlert`.`status` = 'open' ORDER BY 
`StockAlert`.`createdAt` DESC LIMIT 5;
Stack: Error
    at Query.run (D:\Company\Company Projects\Pos_system\Rest-PO
S-Backend\node_modules\sequelize\lib\dialects\mysql\query.js:52:
25)
    at D:\Company\Company Projects\Pos_system\Rest-POS-Backend\n
ode_modules\sequelize\lib\sequelize.js:315:28
    at process.processTicksAndRejections 
(node:internal/process/task_queues:105:5)
    at async MySQLQueryInterface.select (D:\Company\Company Proj
ects\Pos_system\Rest-POS-Backend\node_modules\sequelize\lib\dial
ects\abstract\query-interface.js:407:12)
    at async StockAlert.findAll (D:\Company\Company Projects\Pos
_system\Rest-POS-Backend\node_modules\sequelize\lib\model.js:114
0:21)
    at async ReportService.getOwnerDashboardStats 
(D:\Company\Company Projects\Pos_system\Rest-POS-Backend\src\ser
vices\reportService.js:200:36)
    at async testReports (D:\Company\Company 
Projects\Pos_system\Rest-POS-Backend\test-reports.js:18:9)
